// Vitest Snapshot v1, https://vitest.dev/guide/snapshot.html

exports[`deep merge with props overlaps 1`] = `
{
  "accounts": {
    "github": "alienat3d",
    "twitter": "alienat3d",
  },
  "languages": [
    "javascript",
    "typescript",
    "vue",
  ],
  "name": "Al",
}
`;
